// Jest Snapshot v1, https://goo.gl/fbAQLP

exports[`App.js should render correctly 1`] = `
<div>
  <header
    className="container mx-auto px-2 py-6"
  >
    <nav
      className="text-3xl font-bold"
    >
      <a
        aria-current="page"
        className="active"
        href="/"
        onClick={[Function]}
      >
        <img
          alt="logo"
          src="logo.png"
          width={200}
        />
      </a>
    </nav>
  </header>
  <div
    className="container p-2 mx-auto mb-8 grid grid-cols-2 gap-4"
  >
    <div
      className="col-span-2 shadow-md mt-6"
    >
      <input
        className="w-full h-10 text-black p-2 rounded-lg"
        onChange={[Function]}
        placeholder="Search currency..."
        role="button"
        tabIndex={0}
        type="text"
        value=""
      />
    </div>
  </div>
</div>
`;
